// Jest Snapshot v1, https://goo.gl/fbAQLP

exports[`Компонент MoviesCard Соответствует Snapshot 1`] = `
Object {
  "asFragment": [Function],
  "baseElement": <body>
    <div>
      <li
        class="movies__item"
      >
        <div
          class="movies__info"
        >
          <h2
            class="movies__title"
          />
          <p
            class="movies__duration"
          >
            NaN
            ч 
            NaN
            м
          </p>
          <button
            class="movies__like undefined"
            type="button"
          />
        </div>
        <img
          alt="Заглушка"
          class="movies__poster"
        />
      </li>
    </div>
  </body>,
  "container": <div>
    <li
      class="movies__item"
    >
      <div
        class="movies__info"
      >
        <h2
          class="movies__title"
        />
        <p
          class="movies__duration"
        >
          NaN
          ч 
          NaN
          м
        </p>
        <button
          class="movies__like undefined"
          type="button"
        />
      </div>
      <img
        alt="Заглушка"
        class="movies__poster"
      />
    </li>
  </div>,
  "debug": [Function],
  "findAllByAltText": [Function],
  "findAllByDisplayValue": [Function],
  "findAllByLabelText": [Function],
  "findAllByPlaceholderText": [Function],
  "findAllByRole": [Function],
  "findAllByTestId": [Function],
  "findAllByText": [Function],
  "findAllByTitle": [Function],
  "findByAltText": [Function],
  "findByDisplayValue": [Function],
  "findByLabelText": [Function],
  "findByPlaceholderText": [Function],
  "findByRole": [Function],
  "findByTestId": [Function],
  "findByText": [Function],
  "findByTitle": [Function],
  "getAllByAltText": [Function],
  "getAllByDisplayValue": [Function],
  "getAllByLabelText": [Function],
  "getAllByPlaceholderText": [Function],
  "getAllByRole": [Function],
  "getAllByTestId": [Function],
  "getAllByText": [Function],
  "getAllByTitle": [Function],
  "getByAltText": [Function],
  "getByDisplayValue": [Function],
  "getByLabelText": [Function],
  "getByPlaceholderText": [Function],
  "getByRole": [Function],
  "getByTestId": [Function],
  "getByText": [Function],
  "getByTitle": [Function],
  "queryAllByAltText": [Function],
  "queryAllByDisplayValue": [Function],
  "queryAllByLabelText": [Function],
  "queryAllByPlaceholderText": [Function],
  "queryAllByRole": [Function],
  "queryAllByTestId": [Function],
  "queryAllByText": [Function],
  "queryAllByTitle": [Function],
  "queryByAltText": [Function],
  "queryByDisplayValue": [Function],
  "queryByLabelText": [Function],
  "queryByPlaceholderText": [Function],
  "queryByRole": [Function],
  "queryByTestId": [Function],
  "queryByText": [Function],
  "queryByTitle": [Function],
  "rerender": [Function],
  "unmount": [Function],
}
`;
