// Jest Snapshot v1, https://goo.gl/fbAQLP

exports[`Компонент Ul Соответствует своему snapshot 1`] = `
Object {
  "asFragment": [Function],
  "baseElement": <body>
    <div>
      <footer
        class="footer"
      >
        <p
          class="footer__paragraph"
        >
          Учебный проект Яндекс.Практикум х BeatFilm.
        </p>
        <div
          class="footer__info"
        >
          <p
            class="footer__copyright"
          >
            © 2022
          </p>
          <ul
            class="list footer__list "
          >
            <li
              class="footer__item"
            >
              <a
                class="footer__link"
                href="https://practicum.yandex.ru/"
              >
                Яндекс.Практикум
              </a>
            </li>
            <li
              class="footer__item"
            >
              <a
                class="footer__link"
                href="https://github.com/DarDog"
              >
                Github
              </a>
            </li>
            <li
              class="footer__item"
            >
              <a
                class="footer__link"
                href="https://vk.com/me_here_fine"
              >
                VK
              </a>
            </li>
          </ul>
        </div>
      </footer>
    </div>
  </body>,
  "container": <div>
    <footer
      class="footer"
    >
      <p
        class="footer__paragraph"
      >
        Учебный проект Яндекс.Практикум х BeatFilm.
      </p>
      <div
        class="footer__info"
      >
        <p
          class="footer__copyright"
        >
          © 2022
        </p>
        <ul
          class="list footer__list "
        >
          <li
            class="footer__item"
          >
            <a
              class="footer__link"
              href="https://practicum.yandex.ru/"
            >
              Яндекс.Практикум
            </a>
          </li>
          <li
            class="footer__item"
          >
            <a
              class="footer__link"
              href="https://github.com/DarDog"
            >
              Github
            </a>
          </li>
          <li
            class="footer__item"
          >
            <a
              class="footer__link"
              href="https://vk.com/me_here_fine"
            >
              VK
            </a>
          </li>
        </ul>
      </div>
    </footer>
  </div>,
  "debug": [Function],
  "findAllByAltText": [Function],
  "findAllByDisplayValue": [Function],
  "findAllByLabelText": [Function],
  "findAllByPlaceholderText": [Function],
  "findAllByRole": [Function],
  "findAllByTestId": [Function],
  "findAllByText": [Function],
  "findAllByTitle": [Function],
  "findByAltText": [Function],
  "findByDisplayValue": [Function],
  "findByLabelText": [Function],
  "findByPlaceholderText": [Function],
  "findByRole": [Function],
  "findByTestId": [Function],
  "findByText": [Function],
  "findByTitle": [Function],
  "getAllByAltText": [Function],
  "getAllByDisplayValue": [Function],
  "getAllByLabelText": [Function],
  "getAllByPlaceholderText": [Function],
  "getAllByRole": [Function],
  "getAllByTestId": [Function],
  "getAllByText": [Function],
  "getAllByTitle": [Function],
  "getByAltText": [Function],
  "getByDisplayValue": [Function],
  "getByLabelText": [Function],
  "getByPlaceholderText": [Function],
  "getByRole": [Function],
  "getByTestId": [Function],
  "getByText": [Function],
  "getByTitle": [Function],
  "queryAllByAltText": [Function],
  "queryAllByDisplayValue": [Function],
  "queryAllByLabelText": [Function],
  "queryAllByPlaceholderText": [Function],
  "queryAllByRole": [Function],
  "queryAllByTestId": [Function],
  "queryAllByText": [Function],
  "queryAllByTitle": [Function],
  "queryByAltText": [Function],
  "queryByDisplayValue": [Function],
  "queryByLabelText": [Function],
  "queryByPlaceholderText": [Function],
  "queryByRole": [Function],
  "queryByTestId": [Function],
  "queryByText": [Function],
  "queryByTitle": [Function],
  "rerender": [Function],
  "unmount": [Function],
}
`;
