// Jest Snapshot v1, https://goo.gl/fbAQLP

exports[`Компонент SearchForm соответствует Snapshot 1`] = `
Object {
  "asFragment": [Function],
  "baseElement": <body>
    <div>
      <section
        class="search main__search"
      >
        <form
          class="search__form"
          name="search"
        >
          <input
            class="search__input"
            placeholder="Фильм"
            type="text"
          />
          <button
            class="search__submit"
            type="submit"
          >
            Найти
          </button>
        </form>
        <div
          class="search__switch-container"
        >
          <label
            class="search__switch"
          >
            <input
              class="search__checkbox"
              type="checkbox"
            />
            <span
              class="search__slider"
            />
          </label>
          <p
            class="search__paragraph"
          >
            Короткометражки
          </p>
        </div>
        <div
          class="search__border"
        />
      </section>
    </div>
  </body>,
  "container": <div>
    <section
      class="search main__search"
    >
      <form
        class="search__form"
        name="search"
      >
        <input
          class="search__input"
          placeholder="Фильм"
          type="text"
        />
        <button
          class="search__submit"
          type="submit"
        >
          Найти
        </button>
      </form>
      <div
        class="search__switch-container"
      >
        <label
          class="search__switch"
        >
          <input
            class="search__checkbox"
            type="checkbox"
          />
          <span
            class="search__slider"
          />
        </label>
        <p
          class="search__paragraph"
        >
          Короткометражки
        </p>
      </div>
      <div
        class="search__border"
      />
    </section>
  </div>,
  "debug": [Function],
  "findAllByAltText": [Function],
  "findAllByDisplayValue": [Function],
  "findAllByLabelText": [Function],
  "findAllByPlaceholderText": [Function],
  "findAllByRole": [Function],
  "findAllByTestId": [Function],
  "findAllByText": [Function],
  "findAllByTitle": [Function],
  "findByAltText": [Function],
  "findByDisplayValue": [Function],
  "findByLabelText": [Function],
  "findByPlaceholderText": [Function],
  "findByRole": [Function],
  "findByTestId": [Function],
  "findByText": [Function],
  "findByTitle": [Function],
  "getAllByAltText": [Function],
  "getAllByDisplayValue": [Function],
  "getAllByLabelText": [Function],
  "getAllByPlaceholderText": [Function],
  "getAllByRole": [Function],
  "getAllByTestId": [Function],
  "getAllByText": [Function],
  "getAllByTitle": [Function],
  "getByAltText": [Function],
  "getByDisplayValue": [Function],
  "getByLabelText": [Function],
  "getByPlaceholderText": [Function],
  "getByRole": [Function],
  "getByTestId": [Function],
  "getByText": [Function],
  "getByTitle": [Function],
  "queryAllByAltText": [Function],
  "queryAllByDisplayValue": [Function],
  "queryAllByLabelText": [Function],
  "queryAllByPlaceholderText": [Function],
  "queryAllByRole": [Function],
  "queryAllByTestId": [Function],
  "queryAllByText": [Function],
  "queryAllByTitle": [Function],
  "queryByAltText": [Function],
  "queryByDisplayValue": [Function],
  "queryByLabelText": [Function],
  "queryByPlaceholderText": [Function],
  "queryByRole": [Function],
  "queryByTestId": [Function],
  "queryByText": [Function],
  "queryByTitle": [Function],
  "rerender": [Function],
  "unmount": [Function],
}
`;
