// Jest Snapshot v1, https://goo.gl/fbAQLP

exports[`Компонент Tech Соответствует своему snapshot 1`] = `
Object {
  "asFragment": [Function],
  "baseElement": <body>
    <div>
      <section
        class="tech"
      >
        <h2
          class="title"
        >
          Технологии
        </h2>
        <h3
          class="tech__title"
        >
          7 технологий
        </h3>
        <p
          class="tech__paragraph"
        >
          На курсе веб-разработки мы освоили технологии, которые применили в дипломном проекте
        </p>
        <ul
          class="list tech__list "
        >
          <li
            class="tech__item"
          >
            HTML
          </li>
          <li
            class="tech__item"
          >
            CSS
          </li>
          <li
            class="tech__item"
          >
            JS
          </li>
          <li
            class="tech__item"
          >
            React
          </li>
          <li
            class="tech__item"
          >
            Git
          </li>
          <li
            class="tech__item"
          >
            Express.js
          </li>
          <li
            class="tech__item"
          >
            MongoDB
          </li>
        </ul>
      </section>
    </div>
  </body>,
  "container": <div>
    <section
      class="tech"
    >
      <h2
        class="title"
      >
        Технологии
      </h2>
      <h3
        class="tech__title"
      >
        7 технологий
      </h3>
      <p
        class="tech__paragraph"
      >
        На курсе веб-разработки мы освоили технологии, которые применили в дипломном проекте
      </p>
      <ul
        class="list tech__list "
      >
        <li
          class="tech__item"
        >
          HTML
        </li>
        <li
          class="tech__item"
        >
          CSS
        </li>
        <li
          class="tech__item"
        >
          JS
        </li>
        <li
          class="tech__item"
        >
          React
        </li>
        <li
          class="tech__item"
        >
          Git
        </li>
        <li
          class="tech__item"
        >
          Express.js
        </li>
        <li
          class="tech__item"
        >
          MongoDB
        </li>
      </ul>
    </section>
  </div>,
  "debug": [Function],
  "findAllByAltText": [Function],
  "findAllByDisplayValue": [Function],
  "findAllByLabelText": [Function],
  "findAllByPlaceholderText": [Function],
  "findAllByRole": [Function],
  "findAllByTestId": [Function],
  "findAllByText": [Function],
  "findAllByTitle": [Function],
  "findByAltText": [Function],
  "findByDisplayValue": [Function],
  "findByLabelText": [Function],
  "findByPlaceholderText": [Function],
  "findByRole": [Function],
  "findByTestId": [Function],
  "findByText": [Function],
  "findByTitle": [Function],
  "getAllByAltText": [Function],
  "getAllByDisplayValue": [Function],
  "getAllByLabelText": [Function],
  "getAllByPlaceholderText": [Function],
  "getAllByRole": [Function],
  "getAllByTestId": [Function],
  "getAllByText": [Function],
  "getAllByTitle": [Function],
  "getByAltText": [Function],
  "getByDisplayValue": [Function],
  "getByLabelText": [Function],
  "getByPlaceholderText": [Function],
  "getByRole": [Function],
  "getByTestId": [Function],
  "getByText": [Function],
  "getByTitle": [Function],
  "queryAllByAltText": [Function],
  "queryAllByDisplayValue": [Function],
  "queryAllByLabelText": [Function],
  "queryAllByPlaceholderText": [Function],
  "queryAllByRole": [Function],
  "queryAllByTestId": [Function],
  "queryAllByText": [Function],
  "queryAllByTitle": [Function],
  "queryByAltText": [Function],
  "queryByDisplayValue": [Function],
  "queryByLabelText": [Function],
  "queryByPlaceholderText": [Function],
  "queryByRole": [Function],
  "queryByTestId": [Function],
  "queryByText": [Function],
  "queryByTitle": [Function],
  "rerender": [Function],
  "unmount": [Function],
}
`;
