// Jest Snapshot v1, https://goo.gl/fbAQLP

exports[`Компонент Tech Соответствует своему snapshot 1`] = `
Object {
  "asFragment": [Function],
  "baseElement": <body>
    <div>
      <section
        class="about-me"
      >
        <h2
          class="title"
        >
          Студент
        </h2>
        <div
          class="about-me__info"
        >
          <div>
            <h3
              class="about-me__name"
            >
              Владислав
            </h3>
            <p
              class="about-me__job"
            >
              Фронтенд-разработчик, 24 года
            </p>
            <p
              class="about-me__paragraph"
            >
              Я родом из города Южно-Сахалинск. Готов как к работе удаленно в любом часовом поясе так и к переезду. Увлекаюсь фотографией и настольными играми. Я 3 года работал оператором 1С в розничной компании, но решил сменить деятельность и занялся веб-разработкой. Сейчас я ищу свою работу мечты и возможно я ваш сотрудник мечты.
            </p>
            <ul
              class="list  "
            >
              <li
                class="about-me__item"
              >
                <a
                  class="about-me__link"
                  href="https://vk.com/me_here_fine"
                >
                  VK
                </a>
              </li>
              <li
                class="about-me__item"
              >
                <a
                  class="about-me__link"
                  href="https://github.com/DarDog"
                >
                  Github
                </a>
              </li>
            </ul>
          </div>
          <img
            alt="Моя фотография"
            class="about-me__image"
            src="https://sun9-79.userapi.com/impg/UNNsPwvOp3BZIil4jO23M9rSxpjC5hBjb3DqTw/2RerGfe7TJo.jpg?size=1400x934&quality=96&sign=b4e0c3a162765733fa367a2291d1926d&type=album"
          />
        </div>
        <p
          class="about-me__portfolio"
        >
          Портфолио
        </p>
        <ul
          class="list portfolio__list list_type_column"
        >
          <li
            class="portfolio__item"
          >
            <a
              class="portfolio__link"
              href="https://dardog.github.io/how-to-learn/"
            >
              Статичный сайт
            </a>
            <div
              class="link__arrow"
            />
          </li>
          <li
            class="portfolio__item"
          >
            <a
              class="portfolio__link"
              href="https://dardog.github.io/russian-travel/"
            >
              Адаптивный сайт
            </a>
            <div
              class="link__arrow"
            />
          </li>
          <li
            class="portfolio__item"
          >
            <a
              class="portfolio__link"
              href="http://mesto.subb.nomoredomains.rocks/sign-in"
            >
              Одностраничное приложение
            </a>
            <div
              class="link__arrow"
            />
          </li>
        </ul>
      </section>
    </div>
  </body>,
  "container": <div>
    <section
      class="about-me"
    >
      <h2
        class="title"
      >
        Студент
      </h2>
      <div
        class="about-me__info"
      >
        <div>
          <h3
            class="about-me__name"
          >
            Владислав
          </h3>
          <p
            class="about-me__job"
          >
            Фронтенд-разработчик, 24 года
          </p>
          <p
            class="about-me__paragraph"
          >
            Я родом из города Южно-Сахалинск. Готов как к работе удаленно в любом часовом поясе так и к переезду. Увлекаюсь фотографией и настольными играми. Я 3 года работал оператором 1С в розничной компании, но решил сменить деятельность и занялся веб-разработкой. Сейчас я ищу свою работу мечты и возможно я ваш сотрудник мечты.
          </p>
          <ul
            class="list  "
          >
            <li
              class="about-me__item"
            >
              <a
                class="about-me__link"
                href="https://vk.com/me_here_fine"
              >
                VK
              </a>
            </li>
            <li
              class="about-me__item"
            >
              <a
                class="about-me__link"
                href="https://github.com/DarDog"
              >
                Github
              </a>
            </li>
          </ul>
        </div>
        <img
          alt="Моя фотография"
          class="about-me__image"
          src="https://sun9-79.userapi.com/impg/UNNsPwvOp3BZIil4jO23M9rSxpjC5hBjb3DqTw/2RerGfe7TJo.jpg?size=1400x934&quality=96&sign=b4e0c3a162765733fa367a2291d1926d&type=album"
        />
      </div>
      <p
        class="about-me__portfolio"
      >
        Портфолио
      </p>
      <ul
        class="list portfolio__list list_type_column"
      >
        <li
          class="portfolio__item"
        >
          <a
            class="portfolio__link"
            href="https://dardog.github.io/how-to-learn/"
          >
            Статичный сайт
          </a>
          <div
            class="link__arrow"
          />
        </li>
        <li
          class="portfolio__item"
        >
          <a
            class="portfolio__link"
            href="https://dardog.github.io/russian-travel/"
          >
            Адаптивный сайт
          </a>
          <div
            class="link__arrow"
          />
        </li>
        <li
          class="portfolio__item"
        >
          <a
            class="portfolio__link"
            href="http://mesto.subb.nomoredomains.rocks/sign-in"
          >
            Одностраничное приложение
          </a>
          <div
            class="link__arrow"
          />
        </li>
      </ul>
    </section>
  </div>,
  "debug": [Function],
  "findAllByAltText": [Function],
  "findAllByDisplayValue": [Function],
  "findAllByLabelText": [Function],
  "findAllByPlaceholderText": [Function],
  "findAllByRole": [Function],
  "findAllByTestId": [Function],
  "findAllByText": [Function],
  "findAllByTitle": [Function],
  "findByAltText": [Function],
  "findByDisplayValue": [Function],
  "findByLabelText": [Function],
  "findByPlaceholderText": [Function],
  "findByRole": [Function],
  "findByTestId": [Function],
  "findByText": [Function],
  "findByTitle": [Function],
  "getAllByAltText": [Function],
  "getAllByDisplayValue": [Function],
  "getAllByLabelText": [Function],
  "getAllByPlaceholderText": [Function],
  "getAllByRole": [Function],
  "getAllByTestId": [Function],
  "getAllByText": [Function],
  "getAllByTitle": [Function],
  "getByAltText": [Function],
  "getByDisplayValue": [Function],
  "getByLabelText": [Function],
  "getByPlaceholderText": [Function],
  "getByRole": [Function],
  "getByTestId": [Function],
  "getByText": [Function],
  "getByTitle": [Function],
  "queryAllByAltText": [Function],
  "queryAllByDisplayValue": [Function],
  "queryAllByLabelText": [Function],
  "queryAllByPlaceholderText": [Function],
  "queryAllByRole": [Function],
  "queryAllByTestId": [Function],
  "queryAllByText": [Function],
  "queryAllByTitle": [Function],
  "queryByAltText": [Function],
  "queryByDisplayValue": [Function],
  "queryByLabelText": [Function],
  "queryByPlaceholderText": [Function],
  "queryByRole": [Function],
  "queryByTestId": [Function],
  "queryByText": [Function],
  "queryByTitle": [Function],
  "rerender": [Function],
  "unmount": [Function],
}
`;
